// Jest Snapshot v1, https://goo.gl/fbAQLP

exports[`button component should render button component 1`] = `
<div>
  <button
    class="primary"
  >
    Save 
  </button>
</div>
`;
